// Jest Snapshot v1, https://goo.gl/fbAQLP

exports[`UninstallRoute component should display uninstall modal if installed app found 1`] = `
<withClient(Connect(Wrapper))
  appSlug="tasky"
  dismissAction={[Function]}
  onNotInstalled={[Function]}
  onSuccess={[Function]}
/>
`;
