// Jest Snapshot v1, https://goo.gl/fbAQLP

exports[`ChannelModal component should be rendered correctly if app found and from registry 1`] = `
<Portal
  into="body"
>
  <FocusTrap
    _createFocusTrap={[Function]}
    active={true}
    focusTrapOptions={
      Object {
        "clickOutsideDeactivates": true,
        "onDeactivate": [Function],
      }
    }
    paused={false}
    tag="div"
  >
    <Unknown
      closable={true}
      dismissAction={[Function]}
      mobileFullscreen={true}
      overflowHidden={false}
      primaryType="regular"
      secondaryType="secondary"
      size="small"
    >
      <withClient(Connect(Wrapper))
        appSlug="photos"
        channel="beta"
        onCancel={[Function]}
        onInstallOrUpdate={[MockFunction]}
      />
    </Unknown>
  </FocusTrap>
</Portal>
`;

exports[`ChannelModal component should not break the permissions part if no permissions property found in manifest 1`] = `
<Portal
  into="body"
>
  <FocusTrap
    _createFocusTrap={[Function]}
    active={true}
    focusTrapOptions={
      Object {
        "clickOutsideDeactivates": true,
        "onDeactivate": [Function],
      }
    }
    paused={false}
    tag="div"
  >
    <Unknown
      closable={true}
      dismissAction={[Function]}
      mobileFullscreen={true}
      overflowHidden={false}
      primaryType="regular"
      secondaryType="secondary"
      size="small"
    >
      <withClient(Connect(Wrapper))
        appSlug="photos"
        channel="beta"
        onCancel={[Function]}
        onInstallOrUpdate={[MockFunction]}
      />
    </Unknown>
  </FocusTrap>
</Portal>
`;
